[2026-09-02T16:54:14.881Z] ARC-II START — contract 0xDFA6B51565e17B677085351303F8397cd28Cb54D
[2026-09-02T16:54:14.892Z] provider 0x86dDeAFc53B2e194aaD4d74D265ab7Cb741118b5 · client 0x57a7Dc8Ea2d2De0a5906eB28902b8D677Dfc657C · stranger 0xB66D7Fa5C37B696a78cB7F9B4F8056EF37a4b7e6
[2026-09-02T16:54:23.046Z] >> provider create_agreement("0x57a7Dc8Ea2d2De0a5906eB28902b8D677Dfc657C", "SERVICE LEVEL AGREEMENT (ARC-II DRAFT — to be withdrawn, 9500, "50000000000000000", 900, 900, 900, 900) value 0.05 GEN
[2026-09-02T16:54:29.858Z]    tx 0xb2bea10ae06ec43ace1c161eace3b951d0d0886c87f579fb2f2ef7e539735ccf
[2026-09-02T16:55:17.524Z]    create_agreement: FINALIZED (leader SUCCESS)
[2026-09-02T16:55:24.990Z] draft instrument adx-000002 — status CREATED
[2026-09-02T16:55:24.993Z] >> WALL stranger accept_agreement — expecting refusal (stranger-accept)
[2026-09-02T16:55:31.714Z]    tx 0x285ac2d727ba24143d7f67c412d593828ee7c84e11e0c5936260b9b8b0752cc1 (must finalize as ERROR)
[2026-09-02T16:56:19.097Z]    refused on-chain, finalized as ERROR — the wall held
[2026-09-02T16:56:27.077Z] >> provider cancel_agreement("adx-000002")
[2026-09-02T16:56:33.209Z]    tx 0x267e6c1fe699a7a692b40e2598f813f9f29fcb8f76645f6ec8ef9fbfd6ef90ef
[2026-09-02T16:57:20.345Z]    cancel_agreement: FINALIZED (leader SUCCESS)
[2026-09-02T16:57:20.349Z] draft CANCELLED — reserve returned to the provider's ledger
[2026-09-02T16:57:34.452Z] >> provider create_agreement("0x57a7Dc8Ea2d2De0a5906eB28902b8D677Dfc657C", "SERVICE LEVEL AGREEMENT (ARC-II PRIMARY) between the co, 9500, "50000000000000000", 900, 900, 900, 900) value 0.05 GEN
[2026-09-02T16:57:41.274Z]    tx 0x1cd9b8afcca64f353ab8de3b12a2245043256f28cd11b7b802f8dbe5477350ce
[2026-09-02T16:58:29.744Z]    create_agreement: FINALIZED (leader SUCCESS)
[2026-09-02T16:58:36.818Z] primary instrument adx-000003 — status CREATED, free 50000000000000000, held 0
[2026-09-02T16:58:43.138Z] >> client accept_agreement("adx-000003")
[2026-09-02T16:58:49.864Z]    tx 0x0131148c6ff20a0b6f32f1962dcdfac22ae4669b31ae37d8afa0335c8bd0953f
[2026-09-02T16:59:37.442Z]    accept_agreement: FINALIZED (leader SUCCESS)
[2026-09-02T16:59:45.083Z] >> WALL stranger open_case — expecting refusal (stranger-open)
[2026-09-02T16:59:51.641Z]    tx 0x8a71edd41b1c67f291fc9e5eb16d164091b041b2d5d4c6a4cda23bb5e68e5a86 (must finalize as ERROR)
[2026-09-02T17:00:39.462Z]    refused on-chain, finalized as ERROR — the wall held
[2026-09-02T17:00:39.468Z] >> WALL stranger top_up_reserve — expecting refusal (stranger-topup)
[2026-09-02T17:00:47.553Z]    tx 0x05e68aecf3d082c6ded398b3092280093510767b6a144fd39c1da6e28a81c845 (must finalize as ERROR)
[2026-09-02T17:01:35.583Z]    refused on-chain, finalized as ERROR — the wall held
[2026-09-02T17:01:48.994Z] >> client open_case("adx-000003", "2026-09")
[2026-09-02T17:01:56.452Z]    tx 0x4f2d1f0582e5e2ec75a37f71157e7c1f0359419a4691284ba51781a0a39333a4
[2026-09-02T17:02:43.995Z]    open_case: FINALIZED (leader SUCCESS)
[2026-09-02T17:02:57.806Z] case A case-000002 open — S23 debit: free 0 / held 50000000000000000
[2026-09-02T17:03:04.537Z] >> WALL client open_case — expecting refusal (open-beyond-reserve)
[2026-09-02T17:03:11.216Z]    tx 0xcc3565cd9aea0c7c8cd3a7affce051632f16fb77b7ceea93942d8b0b59eb8632 (must finalize as ERROR)
[2026-09-02T17:03:58.931Z]    refused on-chain, finalized as ERROR — the wall held
[2026-09-02T17:04:12.658Z] >> provider top_up_reserve("adx-000003") value 0.05 GEN
[2026-09-02T17:04:19.162Z]    tx 0x6353953d060699172fa095bc397e62ba930c1c9c82a99791be7ffef21a77ff36
[2026-09-02T17:04:55.122Z]    top_up_reserve: FINALIZED (leader SUCCESS)
[2026-09-02T17:04:55.127Z] top-up landed — the refused period can now open
[2026-09-02T17:04:58.156Z] >> client open_case("adx-000003", "2026-10")
[2026-09-02T17:05:05.825Z]    tx 0x8175bfa660b5b63fdf19fc0bbd7db0499ca3638e0b5dc8d956a2926b36893d94
[2026-09-02T17:05:53.167Z]    open_case: FINALIZED (leader SUCCESS)
[2026-09-02T17:06:07.133Z] >> client withdraw_case("case-000003")
[2026-09-02T17:06:14.560Z]    tx 0x5f9dee9ae48ff89a92dec099813f309f48faeeb15fada1adac7abf92d045bb26
[2026-09-02T17:07:02.150Z]    withdraw_case: FINALIZED (leader SUCCESS)
[2026-09-02T17:07:09.487Z] case B withdrawn — reservation back to free: free 50000000000000000 / held 50000000000000000
[2026-09-02T17:07:22.408Z] >> client commit_evidence("case-000002", "[{\"kind\":\"correspondence\",\"label\":\"Client note o)
[2026-09-02T17:07:29.538Z]    tx 0x6e1730b2d049b1a62bedf2c54ef22d3a1c3bb7849b36369859fa7a8d14dfd8b1
[2026-09-02T17:08:17.053Z]    commit_evidence: FINALIZED (leader SUCCESS)
[2026-09-02T17:08:37.473Z] waiting 1216s — response window (thin record)
[2026-09-02T17:13:37.487Z] waiting 916s — response window (thin record)
[2026-09-02T17:18:37.495Z] waiting 616s — response window (thin record)
[2026-09-02T17:23:37.514Z] waiting 316s — response window (thin record)
[2026-09-02T17:28:37.527Z] waiting 16s — response window (thin record)
[2026-09-02T17:28:55.567Z] >> stranger adjudicate("case-000002")
[2026-09-02T17:29:02.425Z]    tx 0x5d89b3fa40413411984ce4cfb6439703df6d4986d0f016734a4db5f3238f577b
[2026-09-02T17:30:05.990Z]    adjudicate: still ACCEPTED…
[2026-09-02T17:30:21.832Z]    adjudicate: FINALIZED (leader SUCCESS)
[2026-09-02T17:30:29.287Z] PANEL A1 (v1): REVIEW_REQUIRED — evidence INSUFFICIENT · eligible 0 · score 0
[2026-09-02T17:30:29.288Z]    reason: The sole evidence item (EV-001) is a client-declared note indicating potential delays but provides no concrete data on eligible payments, late payments, or exceptions. No processing logs, timings, or verifiable records are present to establish counts.
[2026-09-02T17:30:36.354Z] waiting 1192s — finality window (hold)
[2026-09-02T17:35:36.368Z] waiting 892s — finality window (hold)
[2026-09-02T17:40:36.382Z] waiting 592s — finality window (hold)
[2026-09-02T17:45:36.395Z] waiting 292s — finality window (hold)
[2026-09-02T17:50:32.759Z] >> stranger promote("case-000002")
[2026-09-02T17:50:36.765Z]    tx 0x0c718c841a1e070cf1c20de994d3e4968f09fe7dd2b655214cbad4d66f6678b9
[2026-09-02T17:51:24.862Z]    promote: FINALIZED (leader SUCCESS)
[2026-09-02T17:51:39.151Z] promoted — status OPEN, verdict REVIEW_REQUIRED; reservation still held: 50000000000000000
[2026-09-02T17:51:51.929Z] >> client commit_evidence("case-000002", "[{\"kind\":\"payment_log\",\"label\":\"Payment processi)
[2026-09-02T17:51:59.656Z]    tx 0x0b6eba3fd776f14b014beefa00a5272006500621914db7ed24698ec31f69b0fc
[2026-09-02T17:52:48.374Z]    commit_evidence: FINALIZED (leader SUCCESS)
[2026-09-02T17:53:08.299Z] >> provider review_evidence("case-000002", "EV-002", "ack")
[2026-09-02T17:53:15.502Z]    tx 0x35decaa9eb9c5814af34fbf6154fa3fe7843b60d4f63a449c11709d0c1362145
[2026-09-02T17:54:03.874Z]    review_evidence: FINALIZED (leader SUCCESS)
[2026-09-02T17:54:11.213Z] >> provider review_evidence("case-000002", "EV-003", "ack")
[2026-09-02T17:54:17.713Z]    tx 0x0705209af2d469aa4429eccf94f2e36f033bdc0f1e7d64903e29087fa142058a
[2026-09-02T17:55:05.369Z]    review_evidence: FINALIZED (leader SUCCESS)
[2026-09-02T17:55:19.351Z] >> provider commit_evidence("case-000002", "[{\"kind\":\"response\",\"label\":\"Provider answer for)
[2026-09-02T17:55:26.263Z]    tx 0x43909f2e3cf52c056f8ed6a05238c854cfd5200f857007d21b4cf4b086fcc4cd
[2026-09-02T17:56:13.807Z]    commit_evidence: FINALIZED (leader SUCCESS)
[2026-09-02T17:56:40.621Z] waiting 1210s — response window (clean record)
[2026-09-02T18:01:40.641Z] waiting 910s — response window (clean record)
[2026-09-02T18:06:40.654Z] waiting 610s — response window (clean record)
[2026-09-02T18:11:40.668Z] waiting 310s — response window (clean record)
[2026-09-02T18:16:40.687Z] waiting 10s — response window (clean record)
[2026-09-02T18:16:54.605Z] >> stranger adjudicate("case-000002")
[2026-09-02T18:16:59.357Z]    tx 0x12782d7f05141a80ee235ec98946ab562deb98c0a30dbb552e73513c482fbef5
[2026-09-02T18:18:03.590Z]    adjudicate: FINALIZED (leader SUCCESS)
[2026-09-02T18:18:16.782Z] PANEL A2 (v3): NOT_BREACHED — rate 10000 vs 9500 · eligible 100, late 2, excused {"COMPLIANCE_HOLD":2,"DATA_GAP":0,"INFRASTRUCTURE":0,"OTHER_TERMS":0} · SUFFICIENT · score 97
[2026-09-02T18:18:16.785Z]    reason: EV-002, which is client-declared and provider-acknowledged on-chain, establishes 100 eligible payments and 2 that exceeded 30 minutes. EV-003, also provider-acknowledged, identifies both late payments as regulatory compliance screening holds, and EV-004 confirms those holds fall under exception (a) in the frozen terms.
[2026-09-02T18:18:23.509Z] waiting 1200s — finality window (clean verdict)
[2026-09-02T18:23:23.520Z] waiting 900s — finality window (clean verdict)
[2026-09-02T18:28:23.540Z] waiting 600s — finality window (clean verdict)
[2026-09-02T18:33:23.547Z] waiting 300s — finality window (clean verdict)
[2026-09-02T18:38:25.588Z] >> stranger promote("case-000002")
[2026-09-02T18:38:32.623Z]    tx 0x10f89434bc8ea0535a2f7818c913ea3019e11f836698b2e89631d6645ac8d9d3
[2026-09-02T18:39:20.819Z]    promote: FINALIZED (leader SUCCESS)
[2026-09-02T18:39:28.376Z] promoted — status FINAL, verdict NOT_BREACHED
[2026-09-02T18:39:41.963Z] >> client challenge("case-000002", "the screening references could not be located in the cl, "[{\"kind\":\"correspondence\",\"label\":\"Client archiv) value 0.05 GEN
[2026-09-02T18:39:48.768Z]    tx 0xe668b9a6854e3838cc5c072e46e59cade66ea07b677de17dd7f2c3d8775c57e2
[2026-09-02T18:40:36.727Z]    challenge: FINALIZED (leader SUCCESS)
[2026-09-02T18:40:44.180Z] challenge filed — record now v4; the challenger will now go silent
[2026-09-02T18:40:50.815Z] >> WALL stranger lapse_challenge — expecting refusal (early-lapse)
[2026-09-02T18:40:57.536Z]    tx 0x2a30c92cc0e53a34056371640be33c521a9a59ad17af23c50b341660c28609eb (must finalize as ERROR)
[2026-09-02T18:41:45.135Z]    refused on-chain, finalized as ERROR — the wall held
[2026-09-02T18:41:45.162Z] waiting 3869s — stale-challenge window (no re-adjudication will come)
[2026-09-02T18:46:45.175Z] waiting 3569s — stale-challenge window (no re-adjudication will come)
[2026-09-02T18:51:45.184Z] waiting 3269s — stale-challenge window (no re-adjudication will come)
[2026-09-02T18:56:45.200Z] waiting 2969s — stale-challenge window (no re-adjudication will come)
[2026-09-02T19:01:45.213Z] waiting 2669s — stale-challenge window (no re-adjudication will come)
[2026-09-02T19:06:45.228Z] waiting 2369s — stale-challenge window (no re-adjudication will come)
[2026-09-02T19:11:45.254Z] waiting 2069s — stale-challenge window (no re-adjudication will come)
[2026-09-02T19:16:45.265Z] waiting 1769s — stale-challenge window (no re-adjudication will come)
[2026-09-02T19:21:45.281Z] waiting 1469s — stale-challenge window (no re-adjudication will come)
[2026-09-02T19:26:45.298Z] waiting 1169s — stale-challenge window (no re-adjudication will come)
[2026-09-02T19:31:45.305Z] waiting 869s — stale-challenge window (no re-adjudication will come)
[2026-09-02T19:36:45.316Z] waiting 569s — stale-challenge window (no re-adjudication will come)
[2026-09-02T19:41:45.334Z] waiting 269s — stale-challenge window (no re-adjudication will come)
[2026-09-02T19:46:22.606Z] >> stranger lapse_challenge("case-000002")
[2026-09-02T19:46:29.702Z]    tx 0xbab36687f26d7571d0e0e1456bc0c9574aeb83a8e4c411617c4c9e152fbec214
[2026-09-02T19:47:17.207Z]    lapse_challenge: FINALIZED (leader SUCCESS)
[2026-09-02T19:47:31.342Z] LAPSED — snapshot restored: status FINAL, verdict NOT_BREACHED, record back to v3; challenger ledger 0 → 50000000000000000 (bond returned)
[2026-09-02T19:47:44.131Z] >> stranger settle("case-000002")
[2026-09-02T19:47:51.173Z]    tx 0x3b0f309d224dd4e14068b4290fe3e6c84240bbd4578e1a7e2ee8d58efdcf0ef9
[2026-09-02T19:48:38.231Z]    settle: FINALIZED (leader SUCCESS)
[2026-09-02T19:48:52.604Z] SETTLED — verdict NOT_BREACHED; reservation returned: free 100000000000000000 / held 0
[2026-09-02T19:49:05.555Z] >> provider begin_close("adx-000003")
[2026-09-02T19:49:12.478Z]    tx 0xc6c12cfc02669a9179953d1cc94190b61b21c34dd31387e57d7bc8563bdf0968
[2026-09-02T19:50:00.400Z]    begin_close: FINALIZED (leader SUCCESS)
[2026-09-02T19:50:07.833Z] waiting 1230s — close-out notice
[2026-09-02T19:55:07.848Z] waiting 930s — close-out notice
[2026-09-02T20:00:07.853Z] waiting 630s — close-out notice
[2026-09-02T20:05:07.865Z] waiting 330s — close-out notice
[2026-09-02T20:10:07.875Z] waiting 30s — close-out notice
[2026-09-02T20:10:40.004Z] >> stranger finalize_close("adx-000003")
[2026-09-02T20:10:46.357Z]    tx 0xea05d2190bbd642d3e6ca5072c312a686fcee48d031bf1be5535d6a0f6ae3436
[2026-09-02T20:11:34.165Z]    finalize_close: FINALIZED (leader SUCCESS)
[2026-09-02T20:11:41.916Z] provider ledger 150000000000000000 atto — claiming
[2026-09-02T20:11:48.152Z] >> provider claim()
[2026-09-02T20:11:54.719Z]    tx 0x33bf26b3462d191ce4faf6583d29e8a0712ffe0980857df4ee04c060ed296d69
[2026-09-02T20:12:41.903Z]    claim: FINALIZED (leader SUCCESS)
[2026-09-02T20:12:49.348Z] client ledger 50000000000000000 atto — claiming
[2026-09-02T20:12:55.866Z] >> client claim()
[2026-09-02T20:13:02.800Z]    tx 0x680d085754a61aca77130de05836228906bbf326b77eaffc5e1e2f22fb89a391
[2026-09-02T20:13:50.792Z]    claim: FINALIZED (leader SUCCESS)
[2026-09-02T20:13:58.287Z] stats after: {"agreements":3,"cases":3,"settled":2,"breached":1,"escrow_atto":"0"}
[2026-09-02T20:13:58.289Z] CUSTODY ZERO — every atto in, accounted out. ARC-II COMPLETE.
